core_cm7.h:2281:22:SCB_EnableDCache	24	static,ignoring_inline_asm
main.c:207:5:main	80	static
main.c:327:6:SystemClock_Config	88	static
main.c:380:6:PeriphCommonClock_Config	144	static
main.c:408:13:MX_ADC3_Init	24	static
main.c:458:13:MX_CRC_Init	8	static
main.c:489:13:MX_DCMI_Init	8	static
main.c:526:13:MX_DMA2D_Init	8	static
main.c:563:13:MX_I2C1_Init	8	static
main.c:609:13:MX_I2C3_Init	8	static
main.c:655:13:MX_LTDC_Init	64	static
main.c:717:13:MX_QUADSPI_Init	8	static
main.c:752:13:MX_RTC_Init	80	static
main.c:844:13:MX_SAI2_Init	8	static
main.c:919:13:MX_SDMMC1_SD_Init	4	static
main.c:947:13:MX_SPDIFRX_Init	8	static
main.c:983:13:MX_TIM1_Init	112	static
main.c:1063:13:MX_TIM2_Init	64	static
main.c:1122:13:MX_TIM3_Init	64	static
main.c:1181:13:MX_TIM5_Init	64	static
main.c:1240:13:MX_TIM8_Init	40	static
main.c:1287:13:MX_TIM12_Init	40	static
main.c:1329:13:MX_USART1_UART_Init	8	static
main.c:1364:13:MX_USART2_UART_Init	8	static
main.c:1399:13:MX_USART6_UART_Init	8	static
main.c:1430:13:MX_FMC_Init	40	static
main.c:1481:13:MX_GPIO_Init	72	static
main.c:1628:13:tcpecho_thread	64	static
main.c:1929:6:tcpecho_init	16	static
main.c:1946:6:StartDefaultTask	16	static
main.c:1973:6:StartTask_GSM1	16	static
main.c:1995:6:HAL_TIM_PeriodElapsedCallback	16	static
main.c:2012:6:Error_Handler	4	static,ignoring_inline_asm
