MQTTSim800.c:59:6:Sim800_RxCallBack	8	static
MQTTSim800.c:118:6:clearRxBuffer	8	static
MQTTSim800.c:129:6:clearMqttBuffer	8	static
MQTTSim800.c:143:5:SIM800_SendCommand	24	static
MQTTSim800.c:168:5:MQTT_Init	56	static
MQTTSim800.c:203:6:MQTT_Connect	360	static
MQTTSim800.c:240:6:MQTT_Pub	328	static
MQTTSim800.c:263:6:MQTT_PubUint8	48	static
MQTTSim800.c:276:6:MQTT_PubUint16	48	static
MQTTSim800.c:289:6:MQTT_PubUint32	48	static
MQTTSim800.c:302:6:MQTT_PubFloat	48	static
MQTTSim800.c:315:6:MQTT_PubDouble	56	static
MQTTSim800.c:327:6:MQTT_PingReq	32	static
MQTTSim800.c:340:6:MQTT_Sub	304	static
MQTTSim800.c:362:6:MQTT_Receive	32	static
