stm32f7xx_hal_msp.c:65:6:HAL_MspInit	16	static
stm32f7xx_hal_msp.c:89:6:HAL_ADC_MspInit	48	static
stm32f7xx_hal_msp.c:134:6:HAL_ADC_MspDeInit	16	static
stm32f7xx_hal_msp.c:170:6:HAL_CRC_MspInit	24	static
stm32f7xx_hal_msp.c:192:6:HAL_CRC_MspDeInit	16	static
stm32f7xx_hal_msp.c:214:6:HAL_DCMI_MspInit	64	static
stm32f7xx_hal_msp.c:292:6:HAL_DCMI_MspDeInit	16	static
stm32f7xx_hal_msp.c:339:6:HAL_DMA2D_MspInit	24	static
stm32f7xx_hal_msp.c:364:6:HAL_DMA2D_MspDeInit	16	static
stm32f7xx_hal_msp.c:389:6:HAL_I2C_MspInit	184	static
stm32f7xx_hal_msp.c:467:6:HAL_I2C_MspDeInit	16	static
stm32f7xx_hal_msp.c:518:6:HAL_LTDC_MspInit	64	static
stm32f7xx_hal_msp.c:619:6:HAL_LTDC_MspDeInit	16	static
stm32f7xx_hal_msp.c:688:6:HAL_QSPI_MspInit	56	static
stm32f7xx_hal_msp.c:751:6:HAL_QSPI_MspDeInit	16	static
stm32f7xx_hal_msp.c:788:6:HAL_RTC_MspInit	152	static
stm32f7xx_hal_msp.c:820:6:HAL_RTC_MspDeInit	16	static
stm32f7xx_hal_msp.c:842:6:HAL_SD_MspInit	48	static
stm32f7xx_hal_msp.c:891:6:HAL_SD_MspDeInit	16	static
stm32f7xx_hal_msp.c:927:6:HAL_SPDIFRX_MspInit	176	static
stm32f7xx_hal_msp.c:976:6:HAL_SPDIFRX_MspDeInit	16	static
stm32f7xx_hal_msp.c:1004:6:HAL_TIM_Base_MspInit	40	static
stm32f7xx_hal_msp.c:1070:6:HAL_TIM_PWM_MspInit	24	static
stm32f7xx_hal_msp.c:1086:6:HAL_TIM_MspPostInit	56	static
stm32f7xx_hal_msp.c:1201:6:HAL_TIM_Base_MspDeInit	16	static
stm32f7xx_hal_msp.c:1267:6:HAL_TIM_PWM_MspDeInit	16	static
stm32f7xx_hal_msp.c:1289:6:HAL_UART_MspInit	200	static
stm32f7xx_hal_msp.c:1414:6:HAL_UART_MspDeInit	16	static
stm32f7xx_hal_msp.c:1479:13:HAL_FMC_MspInit	32	static
stm32f7xx_hal_msp.c:1585:6:HAL_SDRAM_MspInit	16	static
stm32f7xx_hal_msp.c:1597:13:HAL_FMC_MspDeInit	8	static
stm32f7xx_hal_msp.c:1671:6:HAL_SDRAM_MspDeInit	16	static
stm32f7xx_hal_msp.c:1683:6:HAL_SAI_MspInit	48	static
stm32f7xx_hal_msp.c:1733:6:HAL_SAI_MspDeInit	16	static
